2026-08-22 12:36:07.150   Log opened. (Time zone: UTC-03:00)
2026-08-22 12:36:07.150   Setup version: Inno Setup version 6.0.4 (u)
2026-08-22 12:36:07.150   Original Setup EXE: C:\Users\eduar\source\repos\Lua\NeoVim\Downloads\Lynx\lynx-newssl-setup.exe
2026-08-22 12:36:07.150   Setup command line: /SL5="$5307C2,2049237,780288,C:\Users\eduar\source\repos\Lua\NeoVim\Downloads\Lynx\lynx-newssl-setup.exe" /SPAWNWND=$110A76 /NOTIFYWND=$100AAC /DIR=C:\Users\eduar\source\repos\Lua\NeoVim\Downloads\Lynx\native /LOG=C:\Users\eduar\source\repos\Lua\NeoVim\Downloads\Lynx\native\install.log
2026-08-22 12:36:07.150   Compatibility mode: Yes (DetectorsAppHealth)
2026-08-22 12:36:07.150   Windows version: 10.0.26200  (NT platform: Yes)
2026-08-22 12:36:07.150   64-bit Windows: Yes
2026-08-22 12:36:07.150   Processor architecture: x64
2026-08-22 12:36:07.150   User privileges: Administrative
2026-08-22 12:36:07.151   Administrative install mode: Yes
2026-08-22 12:36:07.151   Install mode root key: HKEY_LOCAL_MACHINE
2026-08-22 12:36:07.151   64-bit install mode: No
2026-08-22 12:36:07.154   Created temporary directory: C:\Users\eduar\AppData\Local\Temp\is-25PB0.tmp
2026-08-22 12:36:07.235   search for SSL libraries SSL dll|libssl-4*.dll
2026-08-22 12:36:13.306   Message box (Yes/No):
                          The folder:
                          
                          C:\Users\eduar\source\repos\Lua\NeoVim\Downloads\Lynx\native
                          
                          already exists. Would you like to install to that folder anyway?
2026-08-22 12:36:15.234   User chose Yes.
2026-08-22 12:36:17.513   Message box (OK):
                          No SSL library found
2026-08-22 12:36:19.102   User chose OK.
2026-08-22 12:48:21.270   Message box (Yes/No):
                          Setup is not complete. If you exit now, the program will not be installed.
                          
                          You may run Setup again at another time to complete the installation.
                          
                          Exit Setup?
2026-08-22 12:48:22.311   User chose Yes.
2026-08-22 12:48:22.311   Deinitializing Setup.
2026-08-22 12:48:22.335   Log closed.
